// Jest Snapshot v1, https://goo.gl/fbAQLP

exports[`uploadFile returns a state object 1`] = `Promise {}`;
