// Jest Snapshot v1, https://goo.gl/fbAQLP

exports[`GettingStarted expect to redirect 1`] = `
<Redirect
  push={false}
  to="/reports"
/>
`;

exports[`GettingStarted expect to render 1`] = `
<ReportsPage>
  <Bullseye>
    <EmptyState
      variant="full"
    >
      <div>
        <Icon
          className="pf-c-empty-state__icon"
          height="80px"
          style={
            Object {
              "opacity": 0.6,
            }
          }
        />
      </div>
      <Title
        size="lg"
      >
        Let Red Hat Migration Analytics suggest ways to optimize your environment
      </Title>
      <EmptyStateBody>
        See how you can optimize your virtual environment 
        <br />
        by uploading a Red Hat CloudForms generated Inventory file 
        <br />
        and then letting Red Hat Migration Analytics create reports 
        <br />
        showing how you can save money and optimize workloads 
        <br />
        whether by migrating virtual machines or 
        <br />
        migrating applications to Red Hat Enterprise Linux.
      </EmptyStateBody>
      <Link
        className="pf-c-button pf-m-primary"
        replace={false}
        to="/reports/upload"
      >
        Get Started
      </Link>
    </EmptyState>
  </Bullseye>
</ReportsPage>
`;
